software:docs.planning | Documentation capability: docs.planning
software:docs.planning | action=planning
software:docs.planning | source_revision=c24f6f2021a6162d0ac1e0bbd5dfd2b3d5925f47
software:docs.planning | owner_revision=c24f6f2021a6162d0ac1e0bbd5dfd2b3d5925f47
software:docs.planning | tool_eng_docs_sha=417feac3b9f8b277a544337968087d97b8204a3d
software:docs.planning | > /opt/hostedtoolcache/Python/3.12.15/x64/bin/python tools/generate_sip_planning.py
software:docs.planning | > /opt/hostedtoolcache/Python/3.12.15/x64/bin/python tools/generate_sip_manager_roadmap.py
▮▮▮▮ software:docs.planning (cached, 2ms, 3b180f23)
software:docs.diagrams | Documentation capability: docs.diagrams
software:docs.diagrams | action=diagrams
software:docs.diagrams | source_revision=62abd0c958301b055351c148c0518f4fef18e35c
software:docs.diagrams | owner_revision=62abd0c958301b055351c148c0518f4fef18e35c
software:docs.diagrams | tool_eng_docs_sha=417feac3b9f8b277a544337968087d97b8204a3d
software:docs.diagrams | > eng-docs diagrams --source docs/_diagrams --theme docs/_diagram-theme/default.yaml --out bld/docs/architecture
software:docs.diagrams | > /opt/hostedtoolcache/Python/3.12.15/x64/bin/python tools/generate_architecture_diagrams.py
software:docs.diagrams | > /opt/hostedtoolcache/Python/3.12.15/x64/bin/python tools/generate_timing_detail_diagrams.py
software:docs.diagrams | > /opt/hostedtoolcache/Python/3.12.15/x64/bin/python tools/generate_data_display_diagrams.py
software:docs.diagrams | > /opt/hostedtoolcache/Python/3.12.15/x64/bin/python tools/generate_system_model_diagrams.py
▮▮▮▮ software:docs.diagrams (cached, 4ms, 3d77e8ae)
▮▮▮▮ software:docs.assemble (f1bd749f)
software:docs.assemble | Documentation capability: docs.assemble
software:docs.assemble | action=assemble
software:docs.assemble | source_revision=f8182beec8d5634e7f288e74166744a594d38614
software:docs.assemble | owner_revision=f8182beec8d5634e7f288e74166744a594d38614
software:docs.assemble | tool_eng_docs_sha=417feac3b9f8b277a544337968087d97b8204a3d
software:docs.assemble | > eng-docs manifest --source bld/docs-producers/architecture --out bld/docs-producers/architecture/assets-publication.yml --producer event-timing-software.architecture-publication --source-revision 62abd0c958301b055351c148c0518f4fef18e35c --lifecycle docs --relationship producer-source --include *.svg --include *.drawio --include README.md
software:docs.assemble | > eng-docs manifest --source bld/docs-producers/architecture --out bld/docs-producers/architecture/assets-raw.yml --producer event-timing-software.architecture-raw --source-revision 62abd0c958301b055351c148c0518f4fef18e35c --lifecycle docs --relationship producer-source --include *.svg --include *.drawio --include README.md
software:docs.assemble | > eng-docs manifest --source bld/docs-producers/planning --out bld/docs-producers/planning/assets.yml --producer event-timing-software.planning --source-revision c24f6f2021a6162d0ac1e0bbd5dfd2b3d5925f47 --lifecycle docs --relationship producer-source
software:docs.assemble | > eng-docs assemble --root . --config docs/assembly.yml --out bld/docs --source-repository brainboxemb/2026-010-01.meta.event-timing-software --source-revision f8182beec8d5634e7f288e74166744a594d38614
▮▮▮▮ software:docs.assemble (1s 93ms, f1bd749f)

Tasks: 3 completed (2 cached)
 Time: 1s 189ms

